// Jest Snapshot v1, https://goo.gl/fbAQLP

exports[`SearchScreen search screen renders correctly 1`] = `
<View
  style={
    Object {
      "flex": 1,
      "padding": 16,
    }
  }
>
  <Modal
    animationType="slide"
    hardwareAccelerated={false}
    transparent={true}
    visible={false}
  />
  <View>
    <TextInput
      autoCapitalize="none"
      autoComplete="off"
      autoCorrect={false}
      editable={true}
      keyboardType="default"
      maxLength={15}
      onChangeText={[Function]}
      placeholder="Search for a word..."
      placeholderTextColor="gray"
      selectTextOnFocus={false}
      style={
        Object {
          "borderColor": "#aac8a7",
          "borderRadius": 5,
          "borderWidth": 2,
          "height": 40,
          "maxHeight": "40%",
          "paddingHorizontal": 10,
          "paddingVertical": 2,
        }
      }
      value=""
    />
    <View
      accessibilityState={
        Object {
          "disabled": false,
        }
      }
      accessible={true}
      collapsable={false}
      focusable={true}
      onClick={[Function]}
      onResponderGrant={[Function]}
      onResponderMove={[Function]}
      onResponderRelease={[Function]}
      onResponderTerminate={[Function]}
      onResponderTerminationRequest={[Function]}
      onStartShouldSetResponder={[Function]}
      style={
        Object {
          "alignItems": "center",
          "alignSelf": "center",
          "backgroundColor": "#ffd966",
          "borderColor": "#aac8a7",
          "borderRadius": 36,
          "borderWidth": 2,
          "justifyContent": "center",
          "marginTop": 24,
          "opacity": 1,
          "paddingHorizontal": 32,
          "paddingVertical": 14,
          "width": "100%",
        }
      }
      testID="primaryButton"
    >
      <Text
        style={
          Object {
            "color": "#040d12",
            "fontSize": 18,
            "fontWeight": "600",
            "letterSpacing": 2,
            "textAlign": "center",
          }
        }
      >
        Search
      </Text>
    </View>
  </View>
  <RCTScrollView>
    <View />
  </RCTScrollView>
  <Modal
    animationType="none"
    hardwareAccelerated={false}
    onRequestClose={[Function]}
    statusBarTranslucent={true}
    style={
      Object {
        "zIndex": 1100,
      }
    }
    transparent={true}
    visible={false}
  />
</View>
`;
